[deothemes.com/envato/deus/html/indexd41d.html]
[backblue.gif]
[fade.gif]
[index.html]
[deothemes.com/envato/deus/html/css/bootstrap.min.css]
[deothemes.com/envato/deus/html/css/font-icons.css]
[deothemes.com/envato/deus/html/css/style.css]
[deothemes.com/envato/deus/html/img/favicon.ico]
[deothemes.com/envato/deus/html/img/apple-touch-icon.png]
[deothemes.com/envato/deus/html/img/apple-touch-icon-72x72.png]
[deothemes.com/envato/deus/html/img/apple-touch-icon-114x114.png]
[deothemes.com/envato/deus/html/js/lazysizes.min.js]
[deothemes.com/envato/deus/html/index.html]
[deothemes.com/envato/deus/html/index-politics.html]
[deothemes.com/envato/deus/html/index-fashion.html]
[deothemes.com/envato/deus/html/index-games.html]
[deothemes.com/envato/deus/html/index-videos.html]
[deothemes.com/envato/deus/html/index-music.html]
[deothemes.com/envato/deus/html/about.html]
[deothemes.com/envato/deus/html/contact.html]
[deothemes.com/envato/deus/html/search-results.html]
[deothemes.com/envato/deus/html/categories.html]
[deothemes.com/envato/deus/html/404.html]
[deothemes.com/envato/deus/html/single-post.html]
[deothemes.com/envato/deus/html/single-post-politics.html]
[deothemes.com/envato/deus/html/single-post-fashion.html]
[deothemes.com/envato/deus/html/single-post-games.html]
[deothemes.com/envato/deus/html/single-post-videos.html]
[deothemes.com/envato/deus/html/single-post-music.html]
[deothemes.com/envato/deus/html/shortcodes.html]
[deothemes.com/envato/deus/html/img/logo_default.png]
[deothemes.com/envato/deus/html/img/content/grid/grid_post_1.jpg]
[deothemes.com/envato/deus/html/img/content/grid/grid_post_2.jpg]
[deothemes.com/envato/deus/html/img/content/grid/grid_post_3.jpg]
[deothemes.com/envato/deus/html/img/content/grid/grid_post_4.jpg]
[deothemes.com/envato/deus/html/single-post-1.html]
[deothemes.com/envato/deus/html/single-post-3.html]
[deothemes.com/envato/deus/html/img/content/hero/hero_post_1.jpg]
[deothemes.com/envato/deus/html/img/content/hero/hero_post_2.jpg]
[deothemes.com/envato/deus/html/img/content/hero/hero_post_3.jpg]
[deothemes.com/envato/deus/html/img/content/hero/hero_post_4.jpg]
[deothemes.com/envato/deus/html/img/empty.png]
[deothemes.com/envato/deus/html/img/content/placeholder_728.jpg]
[deothemes.com/envato/deus/html/img/content/carousel/carousel_post_1.jpg]
[deothemes.com/envato/deus/html/img/content/carousel/carousel_post_2.jpg]
[deothemes.com/envato/deus/html/img/content/carousel/carousel_post_3.jpg]
[deothemes.com/envato/deus/html/img/content/carousel/carousel_post_4.jpg]
[deothemes.com/envato/deus/html/img/content/thumb/thumb_post_3.jpg]
[deothemes.com/envato/deus/html/img/content/thumb/thumb_post_4.jpg]
[deothemes.com/envato/deus/html/img/content/list/list_post_1.jpg]
[deothemes.com/envato/deus/html/img/content/list/list_post_2.jpg]
[deothemes.com/envato/deus/html/img/content/list/list_post_3.jpg]
[deothemes.com/envato/deus/html/img/content/list/list_post_4.jpg]
[deothemes.com/envato/deus/html/img/content/list/list_post_5.jpg]
[deothemes.com/envato/deus/html/img/content/list/list_post_6.jpg]
[deothemes.com/envato/deus/html/img/content/placeholder_336.jpg]
[deothemes.com/envato/deus/html/img/logo_default_white.png]
[deothemes.com/envato/deus/html/js/easing.min.js]
[deothemes.com/envato/deus/html/js/bootstrap.min.js]
[deothemes.com/envato/deus/html/js/jquery.min.js]
[deothemes.com/envato/deus/html/js/owl-carousel.min.js]
[deothemes.com/envato/deus/html/js/flickity.pkgd.min.js]
[deothemes.com/envato/deus/html/js/jquery.newsTicker.min.js]
[deothemes.com/envato/deus/html/js/modernizr.min.js]
[deothemes.com/envato/deus/html/indexd41d.html]
[deothemes.com/envato/deus/html/css/bootstrap.min.css]
[deothemes.com/envato/deus/html/js/scripts.js]
[deothemes.com/envato/deus/html/fonts/ui-icons6ff5.woff2]
[deothemes.com/envato/deus/html/fonts/ui-icons6ff5.woff]
[deothemes.com/envato/deus/html/fonts/ui-icons6ff5.eot]
[deothemes.com/envato/deus/html/fonts/ui-icons6ff5.ttf]
[deothemes.com/envato/deus/html/css/font-icons.css]
[deothemes.com/envato/deus/html/img/dropdown.png]
[deothemes.com/envato/deus/html/fonts/ui-icons6ff5.svg]
[deothemes.com/envato/deus/html/css/owl.video.play.png]
[deothemes.com/envato/deus/html/css/style.css]
[deothemes.com/envato/deus/html/img/apple-touch-icon.html]
[deothemes.com/envato/deus/html/index.html]
[deothemes.com/envato/deus/html/img/logo_politics.png]
[deothemes.com/envato/deus/html/img/content/hero/hero_post_5.jpg]
[deothemes.com/envato/deus/html/img/content/grid/grid_post_10.jpg]
[deothemes.com/envato/deus/html/img/content/grid/grid_post_12.jpg]
[deothemes.com/envato/deus/html/img/content/placeholder_300_600.jpg]
[deothemes.com/envato/deus/html/index-politics.html]
[deothemes.com/envato/deus/html/img/content/hero/hero_post_6.jpg]
[deothemes.com/envato/deus/html/img/content/list/list_post_7.jpg]
[deothemes.com/envato/deus/html/img/content/list/list_post_9.jpg]
[deothemes.com/envato/deus/html/img/content/list/list_post_11.jpg]
[deothemes.com/envato/deus/html/img/content/list/list_post_12.jpg]
[deothemes.com/envato/deus/html/img/content/instagram/1_small.jpg]
[deothemes.com/envato/deus/html/img/content/instagram/2_small.jpg]
[deothemes.com/envato/deus/html/img/content/instagram/3_small.jpg]
[deothemes.com/envato/deus/html/img/content/instagram/4_small.jpg]
[deothemes.com/envato/deus/html/img/content/instagram/5_small.jpg]
[deothemes.com/envato/deus/html/img/content/instagram/6_small.jpg]
[deothemes.com/envato/deus/html/img/content/instagram/1.jpg]
[deothemes.com/envato/deus/html/img/content/instagram/2.jpg]
[deothemes.com/envato/deus/html/img/content/instagram/3.jpg]
[deothemes.com/envato/deus/html/img/content/instagram/4.jpg]
[deothemes.com/envato/deus/html/img/content/instagram/5.jpg]
[deothemes.com/envato/deus/html/index-fashion.html]
[deothemes.com/envato/deus/html/css/colors/orange.css]
[deothemes.com/envato/deus/html/img/logo_games_white.png]
[deothemes.com/envato/deus/html/img/content/hero/hero_post_7.jpg]
[deothemes.com/envato/deus/html/img/content/hero/hero_post_8.jpg]
[deothemes.com/envato/deus/html/img/content/hero/hero_post_9.jpg]
[deothemes.com/envato/deus/html/img/content/hero/hero_post_11.jpg]
[deothemes.com/envato/deus/html/img/content/placeholder_970.jpg]
[deothemes.com/envato/deus/html/index-games.html]
[deothemes.com/envato/deus/html/css/colors/violet.css]
[deothemes.com/envato/deus/html/img/logo_videos.png]
[deothemes.com/envato/deus/html/img/content/hero/hero_post_15.jpg]
[deothemes.com/envato/deus/html/img/content/hero/hero_post_16.jpg]
[deothemes.com/envato/deus/html/img/content/hero/hero_post_14.jpg]
[deothemes.com/envato/deus/html/img/content/hero/hero_post_17.jpg]
[deothemes.com/envato/deus/html/img/content/hero/hero_post_18.jpg]
[i.ytimg.com/vi/NrmMk1Myrxc/default.jpg]
[i.ytimg.com/vi/1EvqiGm0wz8/default.jpg]
[deothemes.com/envato/deus/html/img/content/carousel/carousel_post_10.jpg]
[deothemes.com/envato/deus/html/img/content/carousel/carousel_post_11.jpg]
[deothemes.com/envato/deus/html/img/content/carousel/carousel_post_12.jpg]
[deothemes.com/envato/deus/html/index-videos.html]
[deothemes.com/envato/deus/html/css/colors/cyan.css]
[deothemes.com/envato/deus/html/img/content/hero/hero_post_19.jpg]
[deothemes.com/envato/deus/html/img/content/hero/hero_post_20.jpg]
[deothemes.com/envato/deus/html/img/content/hero/hero_post_21.jpg]
[deothemes.com/envato/deus/html/img/content/hero/hero_post_22.jpg]
[deothemes.com/envato/deus/html/img/content/hero/hero_post_19_thumb.jpg]
[deothemes.com/envato/deus/html/img/content/hero/hero_post_20_thumb.jpg]
[deothemes.com/envato/deus/html/img/content/hero/hero_post_21_thumb.jpg]
[deothemes.com/envato/deus/html/img/content/hero/hero_post_22_thumb.jpg]
[deothemes.com/envato/deus/html/img/content/placeholder_970_1.jpg]
[i.ytimg.com/vi/E0wW9RwpG7M/default.jpg]
[deothemes.com/envato/deus/html/img/content/grid/grid_post_34.jpg]
[deothemes.com/envato/deus/html/img/content/grid/grid_post_36.jpg]
[deothemes.com/envato/deus/html/img/content/carousel/carousel_post_16.jpg]
[deothemes.com/envato/deus/html/img/content/carousel/carousel_post_17.jpg]
[deothemes.com/envato/deus/html/img/content/carousel/carousel_post_18.jpg]
[deothemes.com/envato/deus/html/img/content/footer/footer_bg_img.jpg]
[deothemes.com/envato/deus/html/index-music.html]
[deothemes.com/envato/deus/html/img/content/about/about_bg.jpg]
[deothemes.com/envato/deus/html/img/content/post_small/post_small_2.jpg]
[deothemes.com/envato/deus/html/about.html]
[deothemes.com/envato/deus/html/js/gmap3.min.js]
[deothemes.com/envato/deus/html/contact.html]
[deothemes.com/envato/deus/html/search-results.html]
[deothemes.com/envato/deus/html/categories.html]
[deothemes.com/envato/deus/html/404.html]
[deothemes.com/envato/deus/html/img/content/single/single_post_featured_img.jpg]
[deothemes.com/envato/deus/html/img/content/single/final_review.jpg]
[deothemes.com/envato/deus/html/img/content/single/comment_1.jpg]
[deothemes.com/envato/deus/html/img/content/single/comment_2.jpg]
[deothemes.com/envato/deus/html/img/content/single/comment_3.jpg]
[deothemes.com/envato/deus/html/js/jquery.sticky-kit.min.js]
[deothemes.com/envato/deus/html/js/jquery.magnific-popup.min.js]
[deothemes.com/envato/deus/html/single-post.html]
[deothemes.com/envato/deus/html/img/content/single/single_post_politics_featured_img.jpg]
[deothemes.com/envato/deus/html/single-post-politics.html]
[deothemes.com/envato/deus/html/single-post-fashion.html]
[deothemes.com/envato/deus/html/img/content/single/single_post_games_featured_img.jpg]
[deothemes.com/envato/deus/html/single-post-games.html]
[deothemes.com/envato/deus/html/single-post-videos.html]
[deothemes.com/envato/deus/html/img/content/single/single_post_music_featured_img.jpg]
[deothemes.com/envato/deus/html/single-post-music.html]
[deothemes.com/envato/deus/html/shortcodes.html]
[deothemes.com/envato/deus/html/single-post-1.html]
[deothemes.com/envato/deus/html/single-post-3.html]
[deothemes.com/envato/deus/html/img/content/thumb/thumb_post_1.jpg]
[deothemes.com/envato/deus/html/img/content/thumb/thumb_post_2.jpg]
[deothemes.com/envato/deus/html/js/twitterFetcher_min.js]
[deothemes.com/envato/deus/html/fonts/ui-icons6ff5.svg]
[deothemes.com/envato/deus/html/css/owl.video.play.html]
[deothemes.com/envato/deus/html/css/colors/pink.css]
[deothemes.com/envato/deus/html/css/colors/red.css]
[deothemes.com/envato/deus/html/img/logo_fashion.png]
[deothemes.com/envato/deus/html/img/content/list/list_post_8.jpg]
[deothemes.com/envato/deus/html/img/content/list/list_post_10.jpg]
[deothemes.com/envato/deus/html/css/colors/orange.css]
[deothemes.com/envato/deus/html/img/content/hero/hero_post_10.jpg]
[deothemes.com/envato/deus/html/img/content/hero/hero_post_12.jpg]
[deothemes.com/envato/deus/html/css/colors/violet.css]
[deothemes.com/envato/deus/html/img/content/hero/hero_post_13.jpg]
[i.ytimg.com/vi/mn6Ia5e_suY/default.jpg]
[deothemes.com/envato/deus/html/img/content/carousel/carousel_post_9.jpg]
[deothemes.com/envato/deus/html/css/colors/cyan.css]
[deothemes.com/envato/deus/html/img/content/carousel/carousel_post_19.jpg]
[deothemes.com/envato/deus/html/js/jquery.magnific-popup.min.html]
[deothemes.com/envato/deus/html/img/content/post_small/post_small_1.jpg]
[deothemes.com/envato/deus/html/img/content/single/single_post_img_1.jpg]
[deothemes.com/envato/deus/html/img/content/single/single_post_img_2.jpg]
[deothemes.com/envato/deus/html/img/content/single/single_post_fashion_featured_img.jpg]
[deothemes.com/envato/deus/html/css/colors/red.css]
[deothemes.com/envato/deus/html/css/colors/pink.css]
[deothemes.com/envato/deus/html/img/content/thumb/thumb_post_5.jpg]
[deothemes.com/envato/deus/html/img/content/hero/hero_post_21.jpg]
